04-19 15:09:10.008  1559  2310 E JobScheduler.Concurrency: Error executing JobStatus{b5c0132 #u0a172/-237 com.google.android.googlequicksearchbox/com.google.android.apps.gsa.tasks.BackgroundTasksJobService u=0 s=10172 TIME=-44m4s549ms:-43m4s549ms READY}
04-19 15:09:10.009 20421 20421 D BlueprintRepository: getBoolean: name = status_bar_disabled
04-19 15:09:10.009 20421 20421 D BlueprintRepository: getBoolean: field = BlueprintField(name_of_field=status_bar_disabled, value=false, type=2, section=display_branding, processor=ApplicationProcessor, locked=true, clazz=null, id=530, field_error_message=null)
04-19 15:09:10.009 20421 20421 D BlueprintUtility: getBoolean: field = BlueprintField(name_of_field=status_bar_disabled, value=false, type=2, section=display_branding, processor=ApplicationProcessor, locked=true, clazz=null, id=530, field_error_message=null)
04-19 15:09:10.009  4047  4089 V WindowManagerShell: Transition animation finished (aborted=false), notifying core (#123)android.os.BinderProxy@b937dca@0
04-19 15:09:10.011  1559  2310 W ActivityManager: Unable to start service Intent { flg=0x4 cmp=com.google.android.googlequicksearchbox/com.google.android.libraries.notifications.entrypoints.scheduled.ScheduledTaskService } U=0: not found
04-19 15:09:10.012  1559  2310 E JobScheduler.Concurrency: Error executing JobStatus{a9e3b6e #u0a172/2000010999 com.google.android.googlequicksearchbox/com.google.android.libraries.notifications.entrypoints.scheduled.ScheduledTaskService u=0 s=10172 NET PERSISTED READY}
04-19 15:09:10.012  1100  1124 W statsd  : StateTracker not found for state atom 27
04-19 15:09:10.012  1100  1124 W statsd  : StateTracker not found for state atom 27
04-19 15:09:10.013  1100  1124 W statsd  : StateTracker not found for state atom 27
04-19 15:09:10.013  1100  1124 W statsd  : StateTracker not found for state atom 27
04-19 15:09:10.014  1559  2310 W ActivityManager: Unable to start service Intent { flg=0x4 cmp=com.google.android.googlequicksearchbox/com.google.android.libraries.notifications.entrypoints.scheduled.ScheduledTaskService } U=0: not found
04-19 15:09:10.014  1559  2310 E JobScheduler.Concurrency: Error executing JobStatus{2f6a07a #u0a172/2000007999 com.google.android.googlequicksearchbox/com.google.android.libraries.notifications.entrypoints.scheduled.ScheduledTaskService u=0 s=10172 TIME=-44m0s410ms:+23h15m59s590ms NET PERIODIC PERSISTED READY}
04-19 15:09:10.014  1100  1124 W statsd  : StateTracker not found for state atom 27
04-19 15:09:10.015  1100  1124 W statsd  : StateTracker not found for state atom 27
04-19 15:09:10.015  1100  1124 W statsd  : StateTracker not found for state atom 27
04-19 15:09:10.015  1100  1124 W statsd  : StateTracker not found for state atom 27
04-19 15:09:10.016  1559  1999 V WindowManager: Finish Transition #123: created at 04-19 15:09:09.574 collect-started=0.09ms request-sent=13.354ms started=25.019ms ready=55.461ms sent=58.233ms finished=441.453ms
04-19 15:09:10.016  1559  2310 W ActivityManager: Unable to start service Intent { flg=0x4 cmp=com.google.android.googlequicksearchbox/com.google.android.apps.gsa.tasks.BackgroundTasksJobService } U=0: not found
04-19 15:09:10.016  1559  2310 E JobScheduler.Concurrency: Error executing JobStatus{bd1607d #u0a172/-121 com.google.android.googlequicksearchbox/com.google.android.apps.gsa.tasks.BackgroundTasksJobService u=0 s=10172 TIME=-38m32s882ms:-38m32s882ms READY}
04-19 15:09:10.016  1100  1124 W statsd  : StateTracker not found for state atom 27
04-19 15:09:10.016  1100  1124 W statsd  : StateTracker not found for state atom 27
04-19 15:09:10.016  1100  1124 W statsd  : StateTracker not found for state atom 27
04-19 15:09:10.017  1100  1124 W statsd  : StateTracker not found for state atom 27
04-19 15:09:10.017  1100  1124 W statsd  : StateTracker not found for state atom 27
04-19 15:09:10.017  1100  1124 W statsd  : StateTracker not found for state atom 27
04-19 15:09:10.018 20421 20421 D PolicyUtils: getKioskAppPackageName: no data
04-19 15:09:10.018  1559  1999 V WindowManager: Finish Transition #124: created at 04-19 15:09:09.668 collect-started=0.137ms request-sent=1.515ms started=3.903ms ready=3.878ms sent=15.64ms finished=350.282ms
04-19 15:09:10.019  1559  4618 I DevicePolicyEngine: Couldn't find any receivers that handle ACTION_DEVICE_POLICY_SET_RESULT in package io.shoonya.shoonyadpc
04-19 15:09:10.019  1559  4618 D DevicePolicyEngine: Writing device policies to file.
04-19 15:09:10.019  1559  4618 D DevicePolicyEngine: Writing to /data/system/device_policy_state.xml
04-19 15:09:10.020  4047  4089 V WindowManagerShell: Track 0 became idle
04-19 15:09:10.020  4047  4089 V WindowManagerShell: Playing animation for (#125)android.os.BinderProxy@bddbcb8@0
04-19 15:09:10.020  4047  4089 V WindowManagerShell:  try handler com.android.wm.shell.transition.DefaultMixedHandler@bf820bb
04-19 15:09:10.020  4047  4089 V WindowManagerShell:  try handler com.android.wm.shell.keyguard.KeyguardTransitionHandler@e4119d8
04-19 15:09:10.020  1559  2310 W JobScheduler.Concurrency: Had fewer than 16 in existence
04-19 15:09:10.020  4047  4089 V WindowManagerShell:  try handler com.android.wm.shell.activityembedding.ActivityEmbeddingController@ca80131
04-19 15:09:10.021  4047  4089 V WindowManagerShell:  try handler com.android.wm.shell.recents.RecentsTransitionHandler@cba016
04-19 15:09:10.021  4047  4089 V ShellRecents: RecentsTransitionHandler.startAnimation: no controller found
04-19 15:09:10.021  4047  4089 V WindowManagerShell:  try handler com.android.wm.shell.pip.PipTransition@87e0d97
04-19 15:09:10.021  4047  4089 V WindowManagerShell:  try handler com.android.wm.shell.splitscreen.StageCoordinator@f99fb84
04-19 15:09:10.021  4047  4089 V WindowManagerShell:  try handler com.android.wm.shell.transition.RemoteTransitionHandler@b4a7f6d
04-19 15:09:10.021  4047  4089 V WindowManagerShell: Transition doesn't have explicit remote, search filters for match for {id=125 t=CLOSE f=0x200010 trk=0 r=[0@Point(0, 0)] c=[{WCT{android.window.IWindowContainerToken$Stub$Proxy@d0dec64} m=TO_FRONT f=MOVE_TO_TOP leash=Surface(name=Task=1)/@0xb399a91 sb=Rect(0, 0 - 1080, 2160) eb=Rect(0, 0 - 1080, 2160) d=0},{WCT{android.window.IWindowContainerToken$Stub$Proxy@64c4ecd} m=CLOSE f=NONE leash=Surface(name=Task=41)/@0x1c52df6 sb=Rect(0, 0 - 1080, 2160) eb=Rect(0, 0 - 1080, 2160) d=0}]}
04-19 15:09:10.021  4047  4089 V WindowManagerShell:  Delegate animation for #125 to null
04-19 15:09:10.021  4047  4089 V WindowManagerShell:  try handler com.android.wm.shell.transition.DefaultTransitionHandler@cd9a7a2
04-19 15:09:10.021  4047  4089 V WindowManagerShell: start default transition animation, info = {id=125 t=CLOSE f=0x200010 trk=0 r=[0@Point(0, 0)] c=[{WCT{android.window.IWindowContainerToken$Stub$Proxy@d0dec64} m=TO_FRONT f=MOVE_TO_TOP leash=Surface(name=Task=1)/@0xb399a91 sb=Rect(0, 0 - 1080, 2160) eb=Rect(0, 0 - 1080, 2160) d=0},{WCT{android.window.IWindowContainerToken$Stub$Proxy@64c4ecd} m=CLOSE f=NONE leash=Surface(name=Task=41)/@0x1c52df6 sb=Rect(0, 0 - 1080, 2160) eb=Rect(0, 0 - 1080, 2160) d=0}]}
04-19 15:09:10.022  1559  2310 W JobScheduler.Concurrency: Had fewer than 16 in existence
04-19 15:09:10.022  4047  4089 V WindowManagerShell: loadAnimation: anim=android.view.animation.AnimationSet@849ba93 animAttr=0xb type=CLOSE isEntrance=false
04-19 15:09:10.022  1559  2310 W JobScheduler.Concurrency: Had fewer than 16 in existence
04-19 15:09:10.022  1559  2310 W JobScheduler.Concurrency: Had fewer than 16 in existence
04-19 15:09:10.023  4047  4089 V WindowManagerShell: loadAnimation: anim=android.view.animation.AnimationSet@b5c0ac9 animAttr=0xa type=CLOSE isEntrance=true
04-19 15:09:10.024  1559  2310 W ActivityManager: Unable to start service Intent { flg=0x4 cmp=com.google.android.googlequicksearchbox/com.google.android.apps.gsa.tasks.BackgroundTasksJobService } U=0: not found
04-19 15:09:10.024  1100  1124 W statsd  : StateTracker not found for state atom 27
04-19 15:09:10.024  1559  2310 E JobScheduler.Concurrency: Error executing JobStatus{91ec9d1 #u0a172/-45 com.google.android.googlequicksearchbox/com.google.android.apps.gsa.tasks.BackgroundTasksJobService u=0 s=10172 TIME=-44m22s544ms:-44m22s544ms READY}
04-19 15:09:10.025  4047  4089 V WindowManagerShell:  animated by com.android.wm.shell.transition.DefaultTransitionHandler@cd9a7a2
04-19 15:09:10.026  1559  2310 W ActivityManager: Unable to start service Intent { flg=0x4 cmp=com.google.android.googlequicksearchbox/com.google.android.apps.gsa.tasks.BackgroundTasksJobService } U=0: not found
04-19 15:09:10.026  1559  2310 E JobScheduler.Concurrency: Error executing JobStatus{8635ce5 #u0a172/-47 com.google.android.googlequicksearchbox/com.google.android.apps.gsa.tasks.BackgroundTasksJobService u=0 s=10172 TIME=-44m31s859ms:-44m31s859ms NET READY}
04-19 15:09:10.026 20421 20421 D BaseActivity: startLockTaskSafely
04-19 15:09:10.027  1559  2310 W ActivityManager: Unable to start service Intent { flg=0x4 cmp=com.google.android.googlequicksearchbox/com.google.android.apps.gsa.tasks.BackgroundTasksJobService } U=0: not found
04-19 15:09:10.028 20421 20421 D BaseActivity: startLockTaskSafely: preconditions failed
04-19 15:09:10.028  1559  2310 E JobScheduler.Concurrency: Error executing JobStatus{3224a47 #u0a172/-151 com.google.android.googlequicksearchbox/com.google.android.apps.gsa.tasks.BackgroundTasksJobService u=0 s=10172 TIME=-44m31s854ms:-43m31s854ms READY}
04-19 15:09:10.029  1559  2310 W ActivityManager: Unable to start service Intent { flg=0x4 cmp=com.google.android.googlequicksearchbox/com.google.android.apps.gsa.tasks.BackgroundTasksJobService } U=0: not found
04-19 15:09:10.029  1559  2310 E JobScheduler.Concurrency: Error executing JobStatus{12bac09 #u0a172/-163 com.google.android.googlequicksearchbox/com.google.android.apps.gsa.tasks.BackgroundTasksJobService u=0 s=10172 TIME=-44m31s806ms:-44m31s806ms READY}
04-19 15:09:10.030 20421 20421 D DpcUtils: isLauncherLess: checking blueprint
04-19 15:09:10.030  1559  2310 W ActivityManager: Unable to start service Intent { flg=0x4 cmp=com.google.android.googlequicksearchbox/com.google.android.apps.gsa.tasks.BackgroundTasksJobService } U=0: not found
04-19 15:09:10.030 20421 20421 D BlueprintRepository: getBoolean: name = launcher_less_dpc
04-19 15:09:10.030  1100  1124 W statsd  : StateTracker not found for state atom 27
04-19 15:09:10.030  1559  2310 E JobScheduler.Concurrency: Error executing JobStatus{d673b26 #u0a172/-49 com.google.android.googlequicksearchbox/com.google.android.apps.gsa.tasks.BackgroundTasksJobService u=0 s=10172 TIME=-44m0s102ms:-43m5s102ms IDLE READY}
04-19 15:09:10.030 20421 20421 D BlueprintRepository: getBoolean: field = BlueprintField(name_of_field=launcher_less_dpc, value=false, type=2, section=application, processor=ApplicationProcessor, locked=true, clazz=null, id=540, field_error_message=null)
04-19 15:09:10.031 20421 20421 D BlueprintUtility: getBoolean: field = BlueprintField(name_of_field=launcher_less_dpc, value=false, type=2, section=application, processor=ApplicationProcessor, locked=true, clazz=null, id=540, field_error_message=null)
04-19 15:09:10.031  1100  1124 W statsd  : StateTracker not found for state atom 27
04-19 15:09:10.032  1559  2310 W ActivityManager: Unable to start service Intent { flg=0x4 cmp=com.google.android.googlequicksearchbox/com.google.android.apps.gsa.tasks.BackgroundTasksJobService } U=0: not found
04-19 15:09:10.032  1100  1124 W statsd  : StateTracker not found for state atom 27
04-19 15:09:10.032  1559  2310 E JobScheduler.Concurrency: Error executing JobStatus{59c6d7a #u0a172/-353 com.google.android.googlequicksearchbox/com.google.android.apps.gsa.tasks.BackgroundTasksJobService u=0 s=10172 TIME=-44m4s655ms:+5h15m55s345ms NET READY}
04-19 15:09:10.032  1100  1124 W statsd  : StateTracker not found for state atom 27
04-19 15:09:10.032  1100  1124 W statsd  : StateTracker not found for state atom 27
04-19 15:09:10.032  1100  1124 W statsd  : StateTracker not found for state atom 27
04-19 15:09:10.032  1100  1124 W statsd  : StateTracker not found for state atom 27
04-19 15:09:10.032  1100  1124 W statsd  : StateTracker not found for state atom 27
04-19 15:09:10.033  1100  1124 W statsd  : StateTracker not found for state atom 27
04-19 15:09:10.033  1100  1124 W statsd  : StateTracker not found for state atom 27
04-19 15:09:10.033  1100  1124 W statsd  : StateTracker not found for state atom 27
04-19 15:09:10.033  1100  1124 W statsd  : StateTracker not found for state atom 27
04-19 15:09:10.033  1100  1124 W statsd  : StateTracker not found for state atom 27
04-19 15:09:10.033  1100  1124 W statsd  : StateTracker not found for state atom 27
04-19 15:09:10.033  1100  1124 W statsd  : StateTracker not found for state atom 27
04-19 15:09:10.033  1100  1124 W statsd  : StateTracker not found for state atom 27
04-19 15:09:10.033  1100  1124 W statsd  : StateTracker not found for state atom 27
04-19 15:09:10.034  1100  1124 W statsd  : StateTracker not found for state atom 27
04-19 15:09:10.034  1100  1124 W statsd  : StateTracker not found for state atom 27
04-19 15:09:10.034  1100  1124 W statsd  : StateTracker not found for state atom 27
04-19 15:09:10.034  1100  1124 W statsd  : StateTracker not found for state atom 27
04-19 15:09:10.034  1100  1124 W statsd  : StateTracker not found for state atom 27
04-19 15:09:10.035  1100  1124 W statsd  : StateTracker not found for state atom 27
04-19 15:09:10.038 20421 20421 D PolicyUtils: getKioskAppPackageName: no data
04-19 15:09:10.038 20421 20421 D Dashboard: starting locktaskmode since device is not locked
04-19 15:09:10.038 20421 20421 D DpcUtils: setLockTaskFeatures
04-19 15:09:10.042 20421 20421 D BlueprintRepository: getBoolean: name = status_bar_disabled
04-19 15:09:10.043 20421 20421 D BlueprintRepository: getBoolean: field = BlueprintField(name_of_field=status_bar_disabled, value=false, type=2, section=display_branding, processor=ApplicationProcessor, locked=true, clazz=null, id=530, field_error_message=null)
04-19 15:09:10.043 20421 20421 D BlueprintUtility: getBoolean: field = BlueprintField(name_of_field=status_bar_disabled, value=false, type=2, section=display_branding, processor=ApplicationProcessor, locked=true, clazz=null, id=530, field_error_message=null)
04-19 15:09:10.046  1559  6617 D WindowManager: layoutWindowLw currenttaskBarInDb-- 0
04-19 15:09:10.046  1559  6617 I WindowLayout: isInForceDesktopMode---false displayId: 0 zwcTaskbarHeight: 0
04-19 15:09:10.046  1559  6617 D WindowManager: layoutWindowLw currenttaskBarInDb-- 0
04-19 15:09:10.046  1559  6617 I WindowLayout: isInForceDesktopMode---false displayId: 0 zwcTaskbarHeight: 0
04-19 15:09:10.046  1559  6617 D WindowManager: layoutWindowLw currenttaskBarInDb-- 0
04-19 15:09:10.046  1559  6617 I WindowLayout: isInForceDesktopMode---false displayId: 0 zwcTaskbarHeight: 0
04-19 15:09:10.047  1559  6617 D WindowManager: DP::updateSystemBarAttributes called
04-19 15:09:10.047  1559  6617 D WindowManager: DP::::updateSystemBarAttributes displayId: 0
04-19 15:09:10.050 20421 20421 D PolicyUtils: getKioskAppPackageName: no data
04-19 15:09:10.051  1559  2288 I DevicePolicyEngine: Couldn't find any receivers that handle ACTION_DEVICE_POLICY_SET_RESULT in package io.shoonya.shoonyadpc
04-19 15:09:10.051  1559  2288 D DevicePolicyEngine: Writing device policies to file.
04-19 15:09:10.051  1559  2288 D DevicePolicyEngine: Writing to /data/system/device_policy_state.xml
04-19 15:09:10.058 20421 20421 D BaseActivity: startLockTaskSafely
04-19 15:09:10.058 20421 20421 D BaseActivity: startLockTaskSafely: preconditions failed
04-19 15:09:10.063 20421 20421 D PolicyUtils: getKioskAppPackageName: no data
04-19 15:09:10.068 20421 20421 D Dashboard: getKioskIntent: kioskAppPackage = null, isGeoFenceLockActive = false, isDeviceLockedDown = false
04-19 15:09:10.070 20421 20421 D DockService: stopService: fired intent
04-19 15:09:10.070 20421 20421 D Dashboard: launchKioskApp: stopped dock service, failed pre-conditions
04-19 15:09:10.070 20421 20421 D BlueprintRepository: getObject: name = app_layout_setting
04-19 15:09:10.070 20421 20421 D BlueprintRepository: getObject: field = BlueprintField(name_of_field=app_layout_setting, value={"app_icon_size":-1,"app_name_size":-1,"brand_logo_position":"BOTTOM_RIGHT","device_alias_size":-1,"device_name_position":"BOTTOM_LEFT","device_name_size":-1,"show_device_alias_name":true,"show_device_name":true}, type=7, section=display_branding, processor=ApplicationProcessor, locked=true, clazz=com.shoonyaos.shoonyadpc.models.device_template.blueprint.AppLayoutSetting, id=532, field_error_message=null)
04-19 15:09:10.070 20421 20421 D BlueprintUtility: getClassFromName: clazz = com.shoonyaos.shoonyadpc.models.device_template.blueprint.AppLayoutSetting
04-19 15:09:10.070 20421 20421 D BlueprintUtility: getObject: field = BlueprintField(name_of_field=app_layout_setting, value={"app_icon_size":-1,"app_name_size":-1,"brand_logo_position":"BOTTOM_RIGHT","device_alias_size":-1,"device_name_position":"BOTTOM_LEFT","device_name_size":-1,"show_device_alias_name":true,"show_device_name":true}, type=7, section=display_branding, processor=ApplicationProcessor, locked=true, clazz=com.shoonyaos.shoonyadpc.models.device_template.blueprint.AppLayoutSetting, id=532, field_error_message=null) | cls = AppLayoutSetting
04-19 15:09:10.071 20421 20421 D AppUtils: isAppIconSystemDefault: App icon size is not set or invalid, returning default
04-19 15:09:10.071 20421 20421 D Dashboard: updateGridLayoutIfSettingsChanged: Using system default icon size
04-19 15:09:10.071 20421 20421 D Dashboard: updateGridLayoutIfSettingsChanged - Measured width: 1020, Icon size: 225.0, Span count: 3
04-19 15:09:10.071 20421 20421 D Dashboard: adjustDeviceNameSize: invoked
04-19 15:09:10.071 20421 24951 D Dashboard: adjustDeviceNameSize: launching coroutine to compute layout params
04-19 15:09:10.071 20421 24951 D Dashboard: adjustDeviceNameSize: computing layout params
04-19 15:09:10.071 20421 24951 D Dashboard: computeLayoutParams: applying layout params
04-19 15:09:10.073  4047  4063 W System  : A resource failed to call release. 
04-19 15:09:10.073  4047  4063 W System  : A resource failed to call release. 
04-19 15:09:10.074  4047  4063 W System  : A resource failed to call release. 
04-19 15:09:10.074  4047  4063 W System  : A resource failed to call release. 
04-19 15:09:10.074  4047  4063 W System  : A resource failed to call release. 
04-19 15:09:10.075 20421 24951 D Dashboard: getVisibilityFlags: checking visibility flags
04-19 15:09:10.075 20421 24951 D BlueprintRepository: getObject: name = app_layout_setting
04-19 15:09:10.075 20421 24951 D BlueprintRepository: getObject: field = BlueprintField(name_of_field=app_layout_setting, value={"app_icon_size":-1,"app_name_size":-1,"brand_logo_position":"BOTTOM_RIGHT","device_alias_size":-1,"device_name_position":"BOTTOM_LEFT","device_name_size":-1,"show_device_alias_name":true,"show_device_name":true}, type=7, section=display_branding, processor=ApplicationProcessor, locked=true, clazz=com.shoonyaos.shoonyadpc.models.device_template.blueprint.AppLayoutSetting, id=532, field_error_message=null)
04-19 15:09:10.075 20421 24951 D BlueprintUtility: getClassFromName: clazz = com.shoonyaos.shoonyadpc.models.device_template.blueprint.AppLayoutSetting
04-19 15:09:10.075 20421 24951 D BlueprintUtility: getObject: field = BlueprintField(name_of_field=app_layout_setting, value={"app_icon_size":-1,"app_name_size":-1,"brand_logo_position":"BOTTOM_RIGHT","device_alias_size":-1,"device_name_position":"BOTTOM_LEFT","device_name_size":-1,"show_device_alias_name":true,"show_device_name":true}, type=7, section=display_branding, processor=ApplicationProcessor, locked=true, clazz=com.shoonyaos.shoonyadpc.models.device_template.blueprint.AppLayoutSetting, id=532, field_error_message=null) | cls = AppLayoutSetting
04-19 15:09:10.075 20421 24951 D Dashboard: getVisibilityFlags: brand logo visibility from AppLayoutSetting is null, using fallback.
04-19 15:09:10.077 20421 24465 D TemplateUtils: getPendingGoogleAppInstallsWithWorkaround: null
04-19 15:09:10.077 20421 24465 D TemplateUtils: getAppstoInstallDuringProvisioning called
04-19 15:09:10.079 20421 24465 D TemplateUtils: getPendingGoogleAppInstallsWithWorkaround: template apps count = 3
04-19 15:09:10.079 20421 24465 D TemplateUtils: getPendingGoogleAppInstallsWithWorkaround: com.esper.authapp
04-19 15:09:10.079 20421 24465 D TemplateUtils: getPendingGoogleAppInstallsWithWorkaround: not a google play app
04-19 15:09:10.079 20421 24465 D TemplateUtils: getPendingGoogleAppInstallsWithWorkaround: com.esper.supervisorwalk
04-19 15:09:10.079 20421 24465 D TemplateUtils: getPendingGoogleAppInstallsWithWorkaround: not a google play app
04-19 15:09:10.079 20421 24465 D TemplateUtils: getPendingGoogleAppInstallsWithWorkaround: com.esper.supervisorpulse
04-19 15:09:10.079 20421 24465 D TemplateUtils: getPendingGoogleAppInstallsWithWorkaround: not a google play app
04-19 15:09:10.079 20421 24465 D TemplateUtils: getPendingGoogleAppInstallsWithWorkaround: pending = 0
04-19 15:09:10.079 20421 24465 D ServiceUtils: startServiceOrSubscribe: service started thus notifying immediately
04-19 15:09:10.079 20421 24465 D EsperFgServiceNotifier: unSubscribe: s5.f0$p@c928dff
04-19 15:09:10.080 20421 29305 D EsperSharedDataContentProviderHelper: putValue: insertedUri:  content://io.esper.commons.datacache.provider/EsperSharedData/localPolicyPrefs/policyAppsInstalled/1
04-19 15:09:10.081 20421 24465 D Dashboard: startDockService: condition to start dock service satisfied false
04-19 15:09:10.081 20421 24951 D Dashboard: getVisibilityFlags: Remote settings branding enabled. remoteBrandEnableDefault: true, final brandVisibility: true
04-19 15:09:10.081 20421 24951 D Dashboard: getVisibilityFlags: final determined esperBrandVisible: true
04-19 15:09:10.081 20421 24951 D Dashboard: getVisibilityFlags: final determined esperDeviceNameVisibility: true
04-19 15:09:10.081 20421 24951 D Dashboard: getVisibilityFlags: final determined esperDeviceNameAliasVisibility: true
04-19 15:09:10.081 20421 24951 D Dashboard: computeLayoutParams: visibilityFlags = VisibilityFlags(showDeviceName=true, showDeviceAlias=true, showBrandLogo=true)
04-19 15:09:10.081 20421 24465 D BroadcastFinishableActivity: finishActivities: sent broadcast for com.shoonyaos.shoonyadpc.activities.MainActivity
04-19 15:09:10.081 20421 24465 D BroadcastFinishableActivity: finishActivities: sent broadcast for com.shoonyaos.shoonyadpc.activities.ScanQRActivity
04-19 15:09:10.081 20421 24465 D BroadcastFinishableActivity: finishActivities: sent broadcast for com.shoonyaos.shoonyadpc.activities.ProvisionScreen
04-19 15:09:10.081 20421 24465 D AdbUtils: areDebuggingFeaturesDisabled: reading from dpm
04-19 15:09:10.081 20421 24951 D Dashboard: computeLayoutParams: params computed successfully
04-19 15:09:10.081 20421 20421 D Dashboard: adjustDeviceNameSize: applying layout params
04-19 15:09:10.081 20421 20421 D Dashboard: setUpVisibility: setting up visibility flags
04-19 15:09:10.081 20421 24465 D AdbUtils: areDebuggingFeaturesDisabled: false
04-19 15:09:10.082 20421 24465 D AdbUtils: stopAdbDaemonIfWindowExceeded: auto-stop prevented, indefinite ADB access allowed
04-19 15:09:10.082 20421 24465 D Dashboard: applySupervisorBindWorkaround
04-19 15:09:10.082 20421 24465 D SupervisorPackageProvider: getPackageName: activePackage = null
04-19 15:09:10.082 20421 24465 D Dashboard: applySupervisorBindWorkaround: supervisor package is null
04-19 15:09:10.086 20421 24465 D Dashboard: Cannot fetch password policy
04-19 15:09:10.086 20421 24465 D Dashboard: KeyGuard Secured : false
04-19 15:09:10.086 20421 24465 D Dashboard: Minimum password length : 0
04-19 15:09:10.088 20421 24465 D PolicyUtils: getKioskAppPackageName: no data
04-19 15:09:10.088 20421 24465 D Dashboard: refreshDeviceLockDownStatus: compliance policy state = POLICY_COMPLIANT
04-19 15:09:10.088 20421 24465 D Dashboard: refreshDeviceLockDownStatus: policy compliant
04-19 15:09:10.088 20421 24465 D Dashboard: processOnResumeExtras: DPC is Storage Manager
04-19 15:09:10.089 20421 24465 D EventBus: publish : STORAGE_PERMISSION_GRANTED - {} - null
04-19 15:09:10.090 20421 24465 D Dashboard: DpcParam not set for hideNavBarInKioskMode, will continue with Remote config for Hide Navigation Bar
04-19 15:09:10.090 20421 24465 D KnoxUtils: hideNavigationBar: Hide the device navigation bar: false
04-19 15:09:10.090 20421 24465 E KnoxUtils: hideNavigationBar: Failed To Configure Updates With Knox | Knox Not available
04-19 15:09:10.090 20421 24465 D ServiceUtils: startEsperForegroundServiceSafely: called
04-19 15:09:10.090 20421 24465 D ServiceUtils: startEsperForegroundServiceSafely: context != null: true
04-19 15:09:10.090 20421 24465 D ServiceUtils: startEsperForegroundServiceSafely: Build.VERSION.SDK_INT >= Build.VERSION_CODES.O: true
04-19 15:09:10.090 20421 24465 D ServiceUtils: startEsperForegroundServiceSafely: !EsperFgService.isServiceStarted: false
04-19 15:09:10.095 20421 20421 D VRI[Dashboard]: zwctaskbarheight relayoutWindow = -1 forcedesktop mode false
04-19 15:09:10.095 20421 20421 I WindowLayout: isInForceDesktopMode---false displayId: 0 zwcTaskbarHeight: -1
04-19 15:09:10.095  1559  6617 D WindowManager: layoutWindowLw currenttaskBarInDb-- 0
04-19 15:09:10.095  1559  6617 I WindowLayout: isInForceDesktopMode---false displayId: 0 zwcTaskbarHeight: 0
04-19 15:09:10.095  1559  6617 D WindowManager: layoutWindowLw currenttaskBarInDb-- 0
04-19 15:09:10.095  1559  6617 I WindowLayout: isInForceDesktopMode---false displayId: 0 zwcTaskbarHeight: 0
04-19 15:09:10.096  1559  6617 D WindowManager: layoutWindowLw currenttaskBarInDb-- 0
04-19 15:09:10.096  1559  6617 I WindowLayout: isInForceDesktopMode---false displayId: 0 zwcTaskbarHeight: 0
04-19 15:09:10.096  1559  6617 D WindowManager: DP::updateSystemBarAttributes called
04-19 15:09:10.096  1559  6617 D WindowManager: DP::::updateSystemBarAttributes displayId: 0
04-19 15:09:10.104  1559  2322 D ActivityManager: freezing 5603 com.zebra.timecacher
04-19 15:09:10.401  1559  2310 W JobScheduler.Concurrency: Had fewer than 16 in existence
04-19 15:09:10.405  1559  2310 W JobScheduler.Concurrency: Had fewer than 16 in existence
04-19 15:09:10.405  1559  2310 W JobScheduler.Concurrency: Had fewer than 16 in existence
04-19 15:09:10.406  1559  2310 W JobScheduler.Concurrency: Had fewer than 16 in existence
04-19 15:09:10.406  1559  2310 W JobScheduler.Concurrency: Had fewer than 16 in existence
04-19 15:09:10.407  1559  2310 W JobScheduler.Concurrency: Had fewer than 16 in existence
04-19 15:09:10.410  1559  6617 D WindowManager: layoutWindowLw currenttaskBarInDb-- 0
04-19 15:09:10.410  1559  6617 I WindowLayout: isInForceDesktopMode---false displayId: 0 zwcTaskbarHeight: 0
04-19 15:09:10.411  1559  6617 D WindowManager: layoutWindowLw currenttaskBarInDb-- 0
04-19 15:09:10.411  1559  6617 I WindowLayout: isInForceDesktopMode---false displayId: 0 zwcTaskbarHeight: 0
04-19 15:09:10.411  1559  6617 D WindowManager: layoutWindowLw currenttaskBarInDb-- 0
04-19 15:09:10.411  1559  6617 I WindowLayout: isInForceDesktopMode---false displayId: 0 zwcTaskbarHeight: 0
04-19 15:09:10.412  1559  6617 D WindowManager: DP::updateSystemBarAttributes called
04-19 15:09:10.412  1559  6617 D WindowManager: DP::::updateSystemBarAttributes displayId: 0
04-19 15:09:10.414  1559  6617 D WindowManager: DP::updateSystemBarAttributes called
04-19 15:09:10.414  1559  6617 D WindowManager: DP::::updateSystemBarAttributes displayId: 0
04-19 15:09:10.415  1559  2310 W ActivityManager: Unable to start service Intent { flg=0x4 cmp=com.google.android.googlequicksearchbox/com.google.android.apps.gsa.tasks.BackgroundTasksJobService } U=0: not found
04-19 15:09:10.415  1100  1124 W statsd  : StateTracker not found for state atom 27
04-19 15:09:10.416  1559  2310 E JobScheduler.Concurrency: Error executing JobStatus{b5c0132 #u0a172/-237 com.google.android.googlequicksearchbox/com.google.android.apps.gsa.tasks.BackgroundTasksJobService u=0 s=10172 TIME=-44m4s957ms:-43m4s957ms READY}
04-19 15:09:10.416  1100  1124 W statsd  : StateTracker not found for state atom 27
04-19 15:09:10.416  1100  1124 W statsd  : StateTracker not found for state atom 27
04-19 15:09:10.416  1100  1124 W statsd  : StateTracker not found for state atom 27
04-19 15:09:10.418  4047  4103 W WindowOnBackDispatcher: sendCancelIfRunning: isInProgress=falsecallback=android.view.ViewRootImpl$$ExternalSyntheticLambda17@bec1c04
04-19 15:09:10.418  1559  4618 D CoreBackPreview: Window{a0f9ea9 u0 Splash Screen com.esper.authapp EXITING}: Setting back callback null
04-19 15:09:10.419  1100  1124 W statsd  : StateTracker not found for state atom 27
04-19 15:09:10.420  1559  2310 W ActivityManager: Unable to start service Intent { flg=0x4 cmp=com.google.android.googlequicksearchbox/com.google.android.libraries.notifications.entrypoints.scheduled.ScheduledTaskService } U=0: not found
04-19 15:09:10.421  1559  2310 E JobScheduler.Concurrency: Error executing JobStatus{a9e3b6e #u0a172/2000010999 com.google.android.googlequicksearchbox/com.google.android.libraries.notifications.entrypoints.scheduled.ScheduledTaskService u=0 s=10172 NET PERSISTED READY}
04-19 15:09:10.423  1559  2288 I WindowManager: removeWindowLw called: com.esper.authapp
04-19 15:09:10.423  1559  2288 D WindowManager: removewindowlw package --com.esper.authapp mState--DESTROYED
04-19 15:09:10.423  1559  2019 W ActivityManager: setHasOverlayUi called on unknown pid: 30294
04-19 15:09:10.423  1559  2288 D WindowManager: layoutWindowLw currenttaskBarInDb-- 0
04-19 15:09:10.423  1559  2288 I WindowLayout: isInForceDesktopMode---false displayId: 0 zwcTaskbarHeight: 0
04-19 15:09:10.424  1559  2288 D WindowManager: layoutWindowLw currenttaskBarInDb-- 0
04-19 15:09:10.424  1559  2288 I WindowLayout: isInForceDesktopMode---false displayId: 0 zwcTaskbarHeight: 0
04-19 15:09:10.424  1559  2288 D WindowManager: layoutWindowLw currenttaskBarInDb-- 0
04-19 15:09:10.424  1559  2288 I WindowLayout: isInForceDesktopMode---false displayId: 0 zwcTaskbarHeight: 0
04-19 15:09:10.424  1559  2288 D WindowManager: DP::updateSystemBarAttributes called
04-19 15:09:10.425  1559  2288 D WindowManager: DP::::updateSystemBarAttributes displayId: 0
04-19 15:09:10.425  1559  2310 W ActivityManager: Unable to start service Intent { flg=0x4 cmp=com.google.android.googlequicksearchbox/com.google.android.libraries.notifications.entrypoints.scheduled.ScheduledTaskService } U=0: not found
04-19 15:09:10.426  1559  2310 E JobScheduler.Concurrency: Error executing JobStatus{2f6a07a #u0a172/2000007999 com.google.android.googlequicksearchbox/com.google.android.libraries.notifications.entrypoints.scheduled.ScheduledTaskService u=0 s=10172 TIME=-44m0s821ms:+23h15m59s179ms NET PERIODIC PERSISTED READY}
04-19 15:09:10.427  1100  1124 W statsd  : StateTracker not found for state atom 27
04-19 15:09:10.427  1100  1124 W statsd  : StateTracker not found for state atom 27
04-19 15:09:10.427  1100  1124 W statsd  : StateTracker not found for state atom 27
04-19 15:09:10.427  1100  1124 W statsd  : StateTracker not found for state atom 27
04-19 15:09:10.427  1100  1124 W statsd  : StateTracker not found for state atom 27
04-19 15:09:10.427  1100  1124 W statsd  : StateTracker not found for state atom 27
04-19 15:09:10.427  1100  1124 W statsd  : StateTracker not found for state atom 27
04-19 15:09:10.428  1559  2288 W InputManager-JNI: Input channel object 'a0f9ea9 Splash Screen com.esper.authapp (client)' was disposed without first being removed with the input manager!
04-19 15:09:10.429  1559  2288 I WindowManager: removeWindowLw called: com.esper.authapp
04-19 15:09:10.429  1559  2288 D WindowManager: removewindowlw package --com.esper.authapp mState--DESTROYED
04-19 15:09:10.430  1559  2288 D WindowManager: layoutWindowLw currenttaskBarInDb-- 0
04-19 15:09:10.430  1559  2288 I WindowLayout: isInForceDesktopMode---false displayId: 0 zwcTaskbarHeight: 0
04-19 15:09:10.430  1559  2288 D WindowManager: layoutWindowLw currenttaskBarInDb-- 0
04-19 15:09:10.430  1559  2288 I WindowLayout: isInForceDesktopMode---false displayId: 0 zwcTaskbarHeight: 0
04-19 15:09:10.430  1559  2288 D WindowManager: layoutWindowLw currenttaskBarInDb-- 0
04-19 15:09:10.430  1559  2288 I WindowLayout: isInForceDesktopMode---false displayId: 0 zwcTaskbarHeight: 0
04-19 15:09:10.431  1559  2288 D WindowManager: DP::updateSystemBarAttributes called
04-19 15:09:10.431  1559  2288 D WindowManager: DP::::updateSystemBarAttributes displayId: 0
04-19 15:09:10.433  1559  2020 D WindowManager: DP::updateSystemBarAttributes called
04-19 15:09:10.433  1559  2020 D WindowManager: DP::::updateSystemBarAttributes displayId: 0
04-19 15:09:10.434  1100  1124 W statsd  : StateTracker not found for state atom 27
04-19 15:09:10.434  1559  2310 W ActivityManager: Unable to start service Intent { flg=0x4 cmp=com.google.android.googlequicksearchbox/com.google.android.apps.gsa.tasks.BackgroundTasksJobService } U=0: not found
04-19 15:09:10.435  1559  2019 W ActivityTaskManager: Activity top resumed state loss timeout for ActivityRecord{d6464ad u0 com.esper.authapp/.ui.ConfigActivity t41 f} isExiting}
04-19 15:09:10.435  1559  2310 E JobScheduler.Concurrency: Error executing JobStatus{bd1607d #u0a172/-121 com.google.android.googlequicksearchbox/com.google.android.apps.gsa.tasks.BackgroundTasksJobService u=0 s=10172 TIME=-38m33s301ms:-38m33s301ms READY}
04-19 15:09:10.436  1100  1124 W statsd  : StateTracker not found for state atom 27
04-19 15:09:10.436  1100  1124 W statsd  : StateTracker not found for state atom 27
04-19 15:09:10.436  1100  1124 W statsd  : StateTracker not found for state atom 27
04-19 15:09:10.436  1559  2020 D WindowManager: DP::updateSystemBarAttributes called
04-19 15:09:10.436  1559  2020 D WindowManager: DP::::updateSystemBarAttributes displayId: 0
04-19 15:09:10.447  1559  2340 D ZebraDisplayServiceFw: isZwcInstalledAndDesktopModeEnabled false
04-19 15:09:10.450  1559  6617 I ImeTracker: io.shoonya.shoonyadpc:20c276f8: onRequestHide at ORIGIN_SERVER_HIDE_INPUT reason HIDE_UNSPECIFIED_WINDOW
04-19 15:09:10.450  1559  6617 I ImeTracker: io.shoonya.shoonyadpc:20c276f8: onCancelled at PHASE_SERVER_SHOULD_HIDE
04-19 15:09:10.452 23916 23916 I GoogleInputMethodService: GoogleInputMethodService.onFinishInput():2259 
04-19 15:09:10.452 23916 23916 I Module  : DeviceLockedStatusModuleProvider$Module.updateDeviceLockedStatus():103 repeatCheckTimes = 0, locked = false
04-19 15:09:10.453 23916 23916 I GoogleInputMethodService: GoogleInputMethodService.onStartInput():1446 onStartInput(EditorInfo{EditorInfo{packageName=io.shoonya.shoonyadpc, inputType=0, inputTypeString=NULL, enableLearning=false, autoCorrection=false, autoComplete=false, imeOptions=0, privateImeOptions=null, actionName=UNSPECIFIED, actionLabel=null, initialSelStart=-1, initialSelEnd=-1, initialCapsMode=0, label=null, fieldId=0, fieldName=null, extras=null, hintText=null, hintLocales=[]}}, false)
04-19 15:09:10.453 23916 23916 I AndroidIME: LatinIMEBase.updateInputViewCoverNavigation():322 Update input view padding, isNavbarOverInputWindow=false, bottom inset=144
04-19 15:09:10.454  1559  4618 W PackageConfigPersister: App-specific configuration not found for packageName: io.shoonya.shoonyadpc and userId: 0
04-19 15:09:10.454  1559  2020 D WindowManager: DP::updateSystemBarAttributes called
04-19 15:09:10.454  1559  2020 D WindowManager: DP::::updateSystemBarAttributes displayId: 0
04-19 15:09:10.455 23916 23916 I Module  : DeviceLockedStatusModuleProvider$Module.updateDeviceLockedStatus():103 repeatCheckTimes = 1, locked = false
04-19 15:09:10.461  1347  1347 E BpTransactionCompletedListener: Failed to transact (-32)
04-19 15:09:10.531  4047  4089 V WindowManagerShell: Transition animation finished (aborted=false), notifying core (#125)android.os.BinderProxy@bddbcb8@0
04-19 15:09:10.535  1559  1999 V WindowManager: Finish Transition #125: created at 04-19 15:09:09.932 collect-started=0.065ms request-sent=0.089ms started=10.248ms ready=51.099ms sent=70.961ms finished=602.358ms
04-19 15:09:10.545  4047  4089 V WindowManagerShell: Track 0 became idle
04-19 15:09:10.546  4047  4089 V WindowManagerShell: All active transition animations finished
04-19 15:09:10.547  1559  2020 D WindowManager: DP::updateSystemBarAttributes called
04-19 15:09:10.547  1559  2020 D WindowManager: DP::::updateSystemBarAttributes displayId: 0
04-19 15:09:10.711  1559  1569 I system_server: NativeAlloc concurrent copying GC freed 250788(10035KB) AllocSpace objects, 19(648KB) LOS objects, 25% free, 36MB/49MB, paused 156us,111us total 110.365ms
04-19 15:09:10.737  1559  1571 W system_server: ApkAssets: Deleting an ApkAssets object '<empty> and /data/app/~~ax532E0UqCn6AakjQAw5Ww==/com.esper.authapp-bg_PJ9btXYb8lhlVFqv5Tg==/base.apk' with 1 weak references
04-19 15:09:10.748  1559  1571 W System  : A resource failed to call release. 
04-19 15:09:10.748  1559  1571 W System  : A resource failed to call HardwareBuffer.close. 
04-19 15:09:10.748  1559  1571 W System  : A resource failed to call HardwareBuffer.close. 
04-19 15:09:10.856  1796  1883 I android.hardware.biometrics.fingerprint@2.1-service: Fingerprint HIDL - isIgkExcluded api value : 0
04-19 15:09:10.857  1796  1883 I android.hardware.biometrics.fingerprint@2.1-service: Fingerprint HIDL - isIgkFFExcluded api value : 0
04-19 15:09:10.857  1796  1883 E android.hardware.biometrics.fingerprint@2.1-service: Fingerprint HIDL -IG Enable property is not set
04-19 15:09:10.915  1559  1559 D FusionRssiPolling: updateLinkLayerStatsRssiSpeedFrequencyCapabilities rssi=-55 TxLinkspeed=229 freq=2412 RxLinkSpeed=206
04-19 15:09:11.771  4313  5816 D QCNEJ/WlanStaInfoRelay: Received action: android.net.wifi.RSSI_CHANGED
04-19 15:09:11.786 11506 11864 I BugleRcsEngine: Connected state: [1], networkType: [WIFI] [CONTEXT thread_id=54 ]
04-19 15:09:11.787 11506 11863 I BugleRcsEngine: handleMessage processing message:[NOTIFY_UPTIME_IGNORE_STATE_CHANGED] with [non-null]:RcsEngineImpl reference [CONTEXT log_prefix="RcsEngineImpl[DUAL_REG]:[264353ea-139e]>Handler" thread_id=53 ]
04-19 15:09:11.789 11506 11864 I BugleRcsEngine: Connected state: [1], networkType: [WIFI] [CONTEXT thread_id=54 ]
04-19 15:09:11.789 11506 12040 I BugleRcsEngine: handleMessage processing message:[NOTIFY_UPTIME_IGNORE_STATE_CHANGED] with [non-null]:RcsEngineImpl reference [CONTEXT log_prefix="RcsEngineImpl[DUAL_REG]:[180e72ef-3472]>Handler" thread_id=64 ]
04-19 15:09:11.790  4496  9352 E PhoneInterfaceManager: getCarrierPrivilegeStatusForUid: Invalid subId
04-19 15:09:11.790  4496  8172 E PhoneInterfaceManager: getCarrierPrivilegeStatusForUid: Invalid subId
04-19 15:09:11.791 11506 11863 I BugleRcsEngine: RCS Configuration storage in Bugle is disabled by p/h flag, using ProvisioningEngineStateCache.getProvisioningConfigurationForGivenSimIfExist() [CONTEXT log_prefix="ProvisioningEngineDataRetriever" thread_id=53 ]
04-19 15:09:11.792 11506 12040 I BugleRcsEngine: RCS Configuration storage in Bugle is disabled by p/h flag, using ProvisioningEngineStateCache.getProvisioningConfigurationForGivenSimIfExist() [CONTEXT log_prefix="ProvisioningEngineDataRetriever" thread_id=64 ]
04-19 15:09:11.801 19654 19823 I NullBinder: NullBinder for android.net.action.RECOMMEND_NETWORKS triggering remote TransactionTooLargeException due to Service without Chimera impl, calling uid: 1000, calling pid: 0
04-19 15:09:11.801 19654 19823 W .gms.persistent: Large reply transaction of 1056768 bytes, interface descriptor , code 1
04-19 15:09:11.807 19654 19823 I NullBinder: NullBinder for android.net.action.RECOMMEND_NETWORKS triggering remote TransactionTooLargeException due to Service without Chimera impl, calling uid: 1000, calling pid: 0
04-19 15:09:11.807 19654 19823 W .gms.persistent: Large reply transaction of 1056768 bytes, interface descriptor , code 1
04-19 15:09:12.428  1233  6695 E LocSvc_ApiV02: reportLocEvent:3933] Loc event report: 0 KlobucharIonoMode_valid:0: leapSec_valid:1: tauC_valid:1 featureStatusReport_valid: 0 featureStatusReport: 0
04-19 15:09:12.428  1233  6695 E LocSvc_ApiV02: reportSystemInfo:4452] system info type: 1, leap second valid: 1 current gps time:valid:1, week: 2415, msec: 79770429,current leap second:valid 1, seconds 18, next gps time: valid 0, week: 0, msec: 0,next leap second: valid 0, seconds 0
04-19 15:09:12.434  1228 15528 I vendor.qti.bluetooth@1.0-ibs_handler: ProcessIbsCmd: Received IBS_WAKE_IND: 0xFD
04-19 15:09:12.434  1228 15528 D vendor.qti.bluetooth@1.0-ibs_handler: SerialClockVote: vote for UART CLK ON
04-19 15:09:12.435  1228 15528 D vendor.qti.bluetooth@1.0-wake_lock: Acquire wakelock is acquired 
04-19 15:09:12.435  1228 15528 I vendor.qti.bluetooth@1.0-ibs_handler: ProcessIbsCmd: Writing IBS_WAKE_ACK
04-19 15:09:12.437 15424 15532 I bt_stack: [INFO:btm_ble_gap.cc(3326)] btm_ble_process_adv_pkt_cont Data Complete 52:b7:d9:5a:0e:d3
04-19 15:09:12.437 15424 15532 I bt_stack: [INFO:btm_ble_gap.cc(3326)] btm_ble_process_adv_pkt_cont Data Complete 52:b7:d9:5a:0e:d3
04-19 15:09:12.437 15424 15532 D bt_btm_ble: bool parse_adv_audio_uuids_from_adv_pkt(const uint8_t *, size_t, uint8_t): tmap_cap_pts: false
04-19 15:09:12.437 15424 15532 D bt_btm_ble: bool parse_adv_audio_uuids_from_adv_pkt(const uint8_t *, size_t, uint8_t): tmap_cap_pts: false
04-19 15:09:12.438 15424 15512 D BluetoothRemoteDevices:  getMappingAddr null
04-19 15:09:12.439 15424 15512 D BluetoothAdapterService: getIdentityAddress null retruning 52:B7:D9:5A:0E:D3
04-19 15:09:12.439 15424 15512 W BluetoothAdapterService: getBleScanRssiRangeFilterForPackage
04-19 15:09:12.444 19654 19841 I NearbyDiscovery: (REDACTED) BloomFilterAdvManager: Detected bloom filter but too far away, ignoring. %sm, %s
04-19 15:09:12.476  1228 15528 I vendor.qti.bluetooth@1.0-ibs_handler: ProcessIbsCmd: Received IBS_SLEEP_IND: 0xFE
04-19 15:09:12.476  1228 15528 D vendor.qti.bluetooth@1.0-ibs_handler: SerialClockVote: vote for UART CLK OFF
04-19 15:09:12.627  1228 15517 D vendor.qti.bluetooth@1.0-wake_lock: Release wakelock is released 
04-19 15:09:12.857  1796  1883 I android.hardware.biometrics.fingerprint@2.1-service: Fingerprint HIDL - isIgkExcluded api value : 0
04-19 15:09:12.857  1796  1883 I android.hardware.biometrics.fingerprint@2.1-service: Fingerprint HIDL - isIgkFFExcluded api value : 0
04-19 15:09:12.857  1796  1883 E android.hardware.biometrics.fingerprint@2.1-service: Fingerprint HIDL -IG Enable property is not set
04-19 15:09:13.744 19654 19784 W Settings: Setting airplane_mode_on has moved from android.provider.Settings.System to android.provider.Settings.Global, returning read-only value.
04-19 15:09:13.753  1100  1124 W statsd  : StateTracker not found for state atom 27
04-19 15:09:13.755  1100  1124 W statsd  : StateTracker not found for state atom 27
04-19 15:09:13.762  1100  1124 W statsd  : StateTracker not found for state atom 27
04-19 15:09:13.762  1100  1124 W statsd  : StateTracker not found for state atom 27
04-19 15:09:13.769  1559  3853 I FUSIONNATIVE: getFusionWifiHAL: Fusion AIDL service available!
04-19 15:09:13.770  1694  1694 I fusionconfd: getVoiceCallState: returns 0
04-19 15:09:13.770  1291  1291 I vendor.zebra.fusion_aidl-service:  getParam: VOICE_CALL_IN_PROGRESS:  0
04-19 15:09:13.771  1291  1291 I vendor.zebra.fusion_aidl-service:  getParam: allow_zebra_app_scans 0
04-19 15:09:13.772  1694  3958 D fusionconfd: SkinnyCat: inside listen events
04-19 15:09:13.772  1679  1899 D SMARTMU : #(1899) [ os_wlan_driver_event.cpp : 40] ------------------>  NL80211_CMD_TRIGGER_SCAN : 33 
04-19 15:09:13.922  1559  1559 D FusionRssiPolling: updateLinkLayerStatsRssiSpeedFrequencyCapabilities rssi=-55 TxLinkspeed=229 freq=2412 RxLinkSpeed=206
04-19 15:09:14.029 19654 19750 I FusedLocation: (REDACTED) location delivery to %s blocked - too close
04-19 15:09:14.029 19654 19750 I FusedLocation: (REDACTED) location delivery to %s blocked - too fast
04-19 15:09:14.029 19654 19750 I FusedLocation: (REDACTED) location delivery to %s blocked - too fast
04-19 15:09:14.031 19654 19750 I FusedLocation: (REDACTED) location delivery to %s blocked - too fast
04-19 15:09:14.032 19654 19750 I FusedLocation: (REDACTED) location delivery to %s blocked - too close
04-19 15:09:14.035 19654 19750 I FusedLocation: (REDACTED) location delivery to %s blocked - too close
04-19 15:09:14.422  1796  1882 I FingerprintHal: FingerprintHAL - res and ready value :: 110 -- 0
04-19 15:09:14.422  1796  1882 E FingerprintHal: FingerprintHAL : Timeout waiting for ready flag.
04-19 15:09:14.612  1679  1899 D SMARTMU : #(1899) [ os_wlan_driver.cpp : 53] msg_handler: RTM_NEWADDR : wlan0
04-19 15:09:14.612  1679  1899 D SMARTMU : #(1899) [ os_wlan_driver.cpp : 53] msg_handler: RTM_NEWADDR : wlan0
04-19 15:09:14.618  1228 15528 I vendor.qti.bluetooth@1.0-ibs_handler: ProcessIbsCmd: Received IBS_WAKE_IND: 0xFD
04-19 15:09:14.618  1228 15528 D vendor.qti.bluetooth@1.0-ibs_handler: SerialClockVote: vote for UART CLK ON
04-19 15:09:14.619  1228 15528 D vendor.qti.bluetooth@1.0-wake_lock: Acquire wakelock is acquired 
04-19 15:09:14.619  1228 15528 I vendor.qti.bluetooth@1.0-ibs_handler: ProcessIbsCmd: Writing IBS_WAKE_ACK
04-19 15:09:14.621 15424 15532 I bt_stack: [INFO:btm_ble_gap.cc(3326)] btm_ble_process_adv_pkt_cont Data Complete 52:b7:d9:5a:0e:d3
04-19 15:09:14.660  1228 15528 I vendor.qti.bluetooth@1.0-ibs_handler: ProcessIbsCmd: Received IBS_SLEEP_IND: 0xFE
04-19 15:09:14.660  1228 15528 D vendor.qti.bluetooth@1.0-ibs_handler: SerialClockVote: vote for UART CLK OFF
